 ------------------------------------------------------------------------------------------------------------------------------------------------------------------- 
| Snapshot                | WNS                  | TNS                  | Density (%) | Hotspot                   | Resource               | DRVs       | Layer-OPT |
|                         | HEPG (ns) | ALL (ns) | HEPG (ns) | ALL (ns) |             | Max (bins) | Total (bins) | Real (s) | Memory (MB) | Tran | Cap | metal4    |
|-------------------------+-----------+----------+-----------+----------+-------------+------------+--------------+----------+-------------+------+-----+-----------|
| initial_summary         |           |    0.171 |           |        0 |       69.59 |            |              | 0:00:02  |        3628 |    2 |   3 |           |
| simplify_netlist        |           |          |           |          |             |            |              | 0:00:01  |        3636 |      |     |           |
| drv_fixing              |     0.000 |    0.171 |         0 |        0 |       69.59 |            |              | 0:00:01  |        3635 |      |     |           |
| drv_fixing_2            |     0.000 |    0.008 |         0 |        0 |       69.68 |            |              | 0:00:02  |        3654 |    0 |   0 |           |
| global_opt              |           |    0.008 |           |        0 |       69.68 |            |              | 0:00:04  |        3652 |      |     |           |
| area_reclaiming         |     0.000 |    0.008 |         0 |        0 |       69.67 |            |              | 0:00:01  |        3648 |      |     |           |
| incremental_replacement |    -0.012 |   -0.012 |           |       -0 |             |       0.00 |         0.00 | 0:00:07  |        3654 |      |     |           |
| tns_fixing              |     0.122 |    0.122 |         0 |        0 |       69.68 |            |              | 0:00:05  |        3772 |      |     |         1 |
| area_reclaiming_2       |     0.048 |    0.048 |         0 |        0 |       69.66 |            |              | 0:00:02  |        3679 |      |     |           |
| area_reclaiming_3       |     0.048 |    0.048 |         0 |        0 |       69.66 |            |              | 0:00:02  |        3677 |      |     |           |
| drv_eco_fixing          |     0.048 |    0.048 |         0 |        0 |       69.68 |            |              | 0:00:02  |        3686 |    0 |   0 |           |
| legalization            |           |          |           |          |             |            |              | 0:00:00  |        3686 |      |     |           |
| final_summary           |     0.047 |    0.047 |           |        0 |       69.68 |            |              | 0:00:02  |        3676 |    0 |   0 |           |
 ------------------------------------------------------------------------------------------------------------------------------------------------------------------- 
