 ---------------------------------------------------------------------------------------------------------------------- 
| Snapshot           | WNS                  | TNS                  | Density (%) | Resource               | DRVs       |
|                    | HEPG (ns) | ALL (ns) | HEPG (ns) | ALL (ns) |             | Real (s) | Memory (MB) | Tran | Cap |
|--------------------+-----------+----------+-----------+----------+-------------+----------+-------------+------+-----|
| initial_summary    |     0.106 |    0.026 |           |        0 |       69.67 | 0:00:09  |        4176 |    1 |   0 |
| ccopt_pro          |           |          |           |          |             | 0:00:08  |        4186 |      |     |
| drv_eco_fixing     |     0.106 |    0.026 |         0 |        0 |       69.67 | 0:00:02  |        4181 |    1 |   0 |
| route_type_fixing  |           |          |           |          |             | 0:00:01  |        4186 |      |     |
| pre_route_summary  |     0.106 |    0.026 |           |        0 |       69.67 | 0:00:01  |        4182 |    1 |   0 |
| eco_route          |           |          |           |          |             | 0:00:18  |        4264 |      |     |
| post_route_summary |     0.106 |    0.025 |           |        0 |       69.67 | 0:00:03  |        4292 |    1 |   0 |
| final_summary      |     0.106 |    0.025 |           |        0 |       69.67 | 0:00:02  |        4286 |    1 |   0 |
 ---------------------------------------------------------------------------------------------------------------------- 
