 ------------------------------------------------------------------------------------------------------------------------------------------------------- 
| Snapshot                | WNS                  | TNS                  | Density (%) | Hotspot                   | Resource               | DRVs       |
|                         | HEPG (ns) | ALL (ns) | HEPG (ns) | ALL (ns) |             | Max (bins) | Total (bins) | Real (s) | Memory (MB) | Tran | Cap |
|-------------------------+-----------+----------+-----------+----------+-------------+------------+--------------+----------+-------------+------+-----|
| initial_summary         |     0.226 |    0.226 |           |        0 |       69.67 |            |              | 0:00:01  |        4027 |    0 |   0 |
| route_type_refinement   |           |          |           |          |             |            |              | 0:00:00  |        4028 |      |     |
| simplify_netlist        |           |          |           |          |             |            |              | 0:00:02  |        4030 |      |     |
| excluded_clk_net_fixing |           |          |           |          |             |            |              | 0:00:00  |        4030 |      |     |
| global_opt              |           |    0.226 |           |        0 |       69.67 |            |              | 0:00:05  |        4031 |      |     |
| area_reclaiming         |     0.226 |    0.226 |         0 |        0 |       69.67 |            |              | 0:00:02  |        4022 |      |     |
| area_reclaiming_2       |     0.226 |    0.226 |         0 |        0 |       69.65 |            |              | 0:00:02  |        4029 |      |     |
| area_reclaiming_3       |     0.226 |    0.226 |         0 |        0 |       69.65 |            |              | 0:00:04  |        4028 |      |     |
| local_wire_reclaim      |           |          |           |          |             |            |              | 0:00:02  |        4025 |      |     |
| global_route            |           |          |           |          |             |       0.00 |         0.00 | 0:00:01  |        4000 |      |     |
| route_type_refinement_2 |           |          |           |          |             |            |              | 0:00:00  |        4000 |      |     |
| drv_eco_fixing          |     0.226 |    0.226 |         0 |        0 |       69.67 |            |              | 0:00:02  |        4046 |    0 |   0 |
| legalization            |           |          |           |          |             |            |              | 0:00:01  |        4037 |      |     |
| final_summary           |     0.226 |    0.226 |           |        0 |       69.67 |            |              | 0:00:03  |        4042 |    0 |   0 |
 ------------------------------------------------------------------------------------------------------------------------------------------------------- 
