 ------------------------------------------------------------------------------------------------------------------------------------------------------- 
| Snapshot                | WNS                  | TNS                  | Density (%) | Hotspot                   | Resource               | DRVs       |
|                         | HEPG (ns) | ALL (ns) | HEPG (ns) | ALL (ns) |             | Max (bins) | Total (bins) | Real (s) | Memory (MB) | Tran | Cap |
|-------------------------+-----------+----------+-----------+----------+-------------+------------+--------------+----------+-------------+------+-----|
| initial_summary         |     0.058 |    0.058 |           |        0 |       69.68 |            |              | 0:00:01  |        4002 |    0 |   0 |
| route_type_refinement   |           |          |           |          |             |            |              | 0:00:00  |        3995 |      |     |
| simplify_netlist        |           |          |           |          |             |            |              | 0:00:01  |        4002 |      |     |
| excluded_clk_net_fixing |           |          |           |          |             |            |              | 0:00:00  |        4002 |      |     |
| global_opt              |           |    0.058 |           |        0 |       69.68 |            |              | 0:00:04  |        4001 |      |     |
| area_reclaiming         |     0.058 |    0.058 |         0 |        0 |       69.68 |            |              | 0:00:01  |        3993 |      |     |
| area_reclaiming_2       |     0.100 |    0.100 |         0 |        0 |       69.65 |            |              | 0:00:02  |        4005 |      |     |
| area_reclaiming_3       |     0.100 |    0.100 |         0 |        0 |       69.65 |            |              | 0:00:03  |        4004 |      |     |
| local_wire_reclaim      |           |          |           |          |             |            |              | 0:00:02  |        4001 |      |     |
| global_route            |           |          |           |          |             |       0.00 |         0.00 | 0:00:01  |        3969 |      |     |
| route_type_refinement_2 |           |          |           |          |             |            |              | 0:00:00  |        3969 |      |     |
| drv_eco_fixing          |     0.102 |    0.102 |         0 |        0 |       69.67 |            |              | 0:00:02  |        4015 |    0 |   0 |
| legalization            |           |          |           |          |             |            |              | 0:00:01  |        4006 |      |     |
| final_summary           |     0.102 |    0.102 |           |        0 |       69.67 |            |              | 0:00:03  |        4010 |    0 |   0 |
 ------------------------------------------------------------------------------------------------------------------------------------------------------- 
